Unknown argument 'invalid'

Hint:
Valid arguments are: human-id, region
